// Jest Snapshot v1, https://goo.gl/fbAQLP

exports[` snapshot 1`] = `
<div class="entry-list-container">
  <div class="px-2 pt-2"><input type="text" class="form-control" placeholder="Buscar"></div>
  <div class="d-flex justify-content-center mt-2"><button class="btn btn-primary"> Nueva entrada <i class="fa fa-plus-circle"></i></button></div>
  <div class="entry-list mt-2">
    <entry-stub entry="[object Object]"></entry-stub>
    <entry-stub entry="[object Object]"></entry-stub>
  </div>
</div>
`;
