// Jest Snapshot v1, https://goo.gl/fbAQLP

exports[`tests home view  snapshot component 1`] = `
<div class="home"><img alt="Vue logo" src="">
  <div><button class="btn btn-primary">primary</button><button class="btn btn-success">succes</button><button class="btn btn-secondary">secondary</button></div>
</div>
`;
